### Module 2 Assignment ###

Q1. Use the appropriate command to list all files larger than 1 MB in the current directory and save the output to a file.

gowtham-s@gowtham-s-VirtualBox:~$ find . -type f -size +1M -exec ls -lh {} + | awk '{ print $9, $5 }' > large_files.txt
gowtham-s@gowtham-s-VirtualBox:~$ cat large_files.txt
./.cache/mesa_shader_cache/index 1.3M
./.cache/tracker3/files/http%3A%2F%2Ftracker.api.gnome.org%2Fontology%2Fv3%2Ftracker%23Audio.db-wal 1.4M
./.cache/tracker3/files/http%3A%2F%2Ftracker.api.gnome.org%2Fontology%2Fv3%2Ftracker%23Documents.db-wal 2.0M
./.cache/tracker3/files/http%3A%2F%2Ftracker.api.gnome.org%2Fontology%2Fv3%2Ftracker%23FileSystem.db-wal 2.2M
./.cache/tracker3/files/http%3A%2F%2Ftracker.api.gnome.org%2Fontology%2Fv3%2Ftracker%23Pictures.db-wal 1.4M
./.cache/tracker3/files/http%3A%2F%2Ftracker.api.gnome.org%2Fontology%2Fv3%2Ftracker%23Software.db-wal 1.4M
./.cache/tracker3/files/http%3A%2F%2Ftracker.api.gnome.org%2Fontology%2Fv3%2Ftracker%23Video.db-wal 1.4M
./.cache/tracker3/files/meta.db-wal 3.0M
./snap/firefox/common/.cache/mesa_shader_cache/index 1.3M
./snap/firefox/common/.cache/mozilla/firefox/4wd2qwoa.default/cache2/entries/2E01F94569E8B1824FD47E5BE6F8649B4DE958B8 1.2M
./snap/firefox/common/.cache/mozilla/firefox/4wd2qwoa.default/cache2/entries/9D3BE8F7A1887AC2CD3B42221EDE15D44356D6FF 1.2M
./snap/firefox/common/.cache/mozilla/firefox/4wd2qwoa.default/safebrowsing/google4/goog-phish-proto.vlpset 9.1M
./snap/firefox/common/.cache/mozilla/firefox/4wd2qwoa.default/safebrowsing/google-trackwhite-digest256.vlpset 1.4M
./snap/firefox/common/.cache/mozilla/firefox/4wd2qwoa.default/startupCache/scriptCache.bin 8.6M
./snap/firefox/common/.cache/mozilla/firefox/4wd2qwoa.default/startupCache/scriptCache-child.bin 1.9M
./snap/firefox/common/.cache/mozilla/firefox/4wd2qwoa.default/startupCache/scriptCache-current.bin 9.3M
./snap/firefox/common/.cache/mozilla/firefox/4wd2qwoa.default/startupCache/startupCache.8.little 2.9M
./snap/firefox/common/.mozilla/firefox/4wd2qwoa.default/favicons.sqlite 5.0M
./snap/firefox/common/.mozilla/firefox/4wd2qwoa.default/gmp-gmpopenh264/2.3.2/libgmpopenh264.so 1.6M
./snap/firefox/common/.mozilla/firefox/4wd2qwoa.default/places.sqlite 5.0M
./snap/firefox/common/.mozilla/firefox/4wd2qwoa.default/places.sqlite-wal 1.1M
./snap/firefox/common/.mozilla/firefox/4wd2qwoa.default/security_state/data.safe.bin 3.0M
./snap/firefox/common/.mozilla/firefox/4wd2qwoa.default/storage/default/https+++web.whatsapp.com/idb/1773850371fetgsa-rsot.sqlite 13M
./snap/firefox/common/.mozilla/firefox/4wd2qwoa.default/storage/default/https+++web.whatsapp.com/idb/1773850371fetgsa-rsot.sqlite-wal 12M
./snap/firefox/common/.mozilla/firefox/4wd2qwoa.default/storage/default/https+++web.whatsapp.com/idb/2181795718meogdaerlo-ts.sqlite 47M
./snap/firefox/common/.mozilla/firefox/4wd2qwoa.default/storage/permanent/chrome/idb/3870112724rsegmnoittet-es.sqlite 12M


Q2. Replace all occurrences of "localhost" with "127.0.0.1" in a configuration file named config.txt, and save the updated file as updated_config.txt.

gowtham-s@gowtham-s-VirtualBox:~/dir1$ sed 's/localhost/127.0.0.1/g' config.txt > updated_config.txt
gowtham-s@gowtham-s-VirtualBox:~/dir1$ cat updated_config.txt
127.0.0.1 1
127.0.0.1 2
127.0.0.1 3

config.txt:
localhost 1
localhost 2
localhost 3


Q3. Use the appropriate command to search for lines containing the word "ERROR" in a log file but exclude lines containing "DEBUG". Save the results to a file named filtered_log.txt.

gowtham-s@gowtham-s-VirtualBox:~/dir1$ cd ..
gowtham-s@gowtham-s-VirtualBox:~$ cd Documents
gowtham-s@gowtham-s-VirtualBox:~/Documents$ grep "ERROR" test1.txt | grep -v "DEBUG" > updated_test.txt
gowtham-s@gowtham-s-VirtualBox:~/Documents$ cat updated_test.txt
ERROR: Unable to connect to the database.
ERROR: Failed to fetch data from API endpoint '/users'.
ERROR: Missing required parameter in the request.
gowtham-s@gowtham-s-VirtualBox:~/Documents$ 


Q4. Write a code to identify the process with the highest memory usage and then terminate it.

owtham-s@gowtham-s-VirtualBox:~$ ps aux --sort=-%mem | awk 'NR==2'
gowtham+    1727  8.8  6.7 3378676 337516 ?      Ssl  19:39   0:14 /usr/bin/gnome-shell
gowtham-s@gowtham-s-VirtualBox:~$ pid=$(ps aux --sort=-%mem | awk 'NR==2{print $2}')
kill -9 $pid
gowtham-s@gowtham-s-VirtualBox:~$ ps aux --sort=-%mem | awk 'NR==2'
gowtham+    1727 12.0  6.8 3388216 342344 ?      Ssl  19:39   0:41 /usr/bin/gnome-shell


Q5. Use the networking tool command and print all the gateway available in a sorted manner
gowtham-s@gowtham-s-VirtualBox:~$ ip route | grep default |awk '{print $3}' | sort -u
10.0.2.2


